LTspice 24.1.9 for Windows
Circuit: C:\Users\henri\OneDrive\UFMG\8periodo\InstrumentacaoBiomedica\ProjetoFinal\ECG\Circuito.net
Start Time: Tue Sep 22 14:17:46 2026
solver = Normal
Maximum thread count: 12
tnom = 27
temp = 27
method = trap
Early termination of direct N-R iteration.
Direct Newton iteration failed to find .op point.  (Use ".option noopiter" to skip.)
Starting Gmin stepping
Gmin = 10
Gmin = 1.07374
vernier = 0.5
vernier = 0.25
vernier = 0.125
vernier = 0.0625
Gmin = 1.12184
vernier = 0.03125
vernier = 0.015625
Gmin = 1.05835
vernier = 0.0078125
vernier = 0.0104167
Gmin = 1.03858
vernier = 0.00520833
vernier = 0.00260417
Gmin = 1.03185
vernier = 0.00347222
vernier = 0.00462963
Gmin = 1.02227
vernier = 0.00231481
vernier = 0.00115741
vernier = 0.00154321
Gmin = 1.02118
vernier = 0.000771604
vernier = 0.00102881
Gmin = 1.01941
vernier = 0.00137174
vernier = 0.00068587
Gmin = 1.01758
vernier = 0.000914493
vernier = 0.000457247
Gmin = 0
Gmin stepping failed

Starting source stepping with srcstepmethod=0
Source Step = 3.0303%
Source Step = 33.3333%
Source Step = 63.6364%
Source Step = 93.9394%
Source stepping succeeded in finding the operating point.

Total elapsed time: 3.956 seconds.

Files loaded:
C:\Users\henri\OneDrive\UFMG\8periodo\InstrumentacaoBiomedica\ProjetoFinal\ECG\Circuito.net
C:\Users\henri\OneDrive\UFMG\8periodo\InstrumentacaoBiomedica\ProjetoFinal\ECG\INA122.LIB

